// Jest Snapshot v1, https://goo.gl/fbAQLP

exports[`should match snapshot renders correctly 1`] = `
<div
  className="card animate__animated animate__fadeIn"
>
  <img
    alt="Un titulo"
    src="https://localhost/smth.es"
  />
  <p>
    Un titulo
  </p>
</div>
`;
